Nothing to build in platform 'LBlock'

23:16:43 **** Incremental Build of configuration Debug for project LBlock_cipher ****
make all 
make --no-print-directory pre-build
a9-linaro-pre-build-step
' '
make --no-print-directory main-build
'Building file: ../src/main.c'
'Invoking: ARM v7 gcc compiler'
arm-none-eabi-gcc -Wall -O0 -g3 -c -fmessage-length=0 -MT"src/main.o" -mcpu=cortex-a9 -mfpu=vfpv3 -mfloat-abi=hard -IC:/Users/Jakub/Desktop/vut_fekt/bajkalarka/zaloha/GitHub/HW-encoder-for-lightweigth-cryptography/workspace/LBlock/export/LBlock/sw/LBlock/standalone_domain/bspinclude/include -MMD -MP -MF"src/main.d" -MT"src/main.o" -o "src/main.o" "../src/main.c"
../src/main.c: In function 'main':
../src/main.c:48:15: warning: passing argument 1 of 'xil_printf' makes pointer from integer without a cast [-Wint-conversion]
   48 |    xil_printf(cipher_text());
      |               ^~~~~~~~~~~~~
      |               |
      |               int
In file included from C:/Users/Jakub/Desktop/vut_fekt/bajkalarka/zaloha/GitHub/HW-encoder-for-lightweigth-cryptography/workspace/LBlock/export/LBlock/sw/LBlock/standalone_domain/bspinclude/include/xil_io.h:41,
                 from ../src/generation.h:3,
                 from ../src/main.c:1:
C:/Users/Jakub/Desktop/vut_fekt/bajkalarka/zaloha/GitHub/HW-encoder-for-lightweigth-cryptography/workspace/LBlock/export/LBlock/sw/LBlock/standalone_domain/bspinclude/include/xil_printf.h:39:31: note: expected 'const char8 *' {aka 'const char *'} but argument is of type 'int'
   39 | void xil_printf( const char8 *ctrl1, ...);
      |                  ~~~~~~~~~~~~~^~~~~
'Finished building: ../src/main.c'
' '
'Building target: LBlock_cipher.elf'
'Invoking: ARM v7 gcc linker'
arm-none-eabi-gcc -mcpu=cortex-a9 -mfpu=vfpv3 -mfloat-abi=hard -Wl,-build-id=none -specs=Xilinx.spec -Wl,-T -Wl,../src/lscript.ld -LC:/Users/Jakub/Desktop/vut_fekt/bajkalarka/zaloha/GitHub/HW-encoder-for-lightweigth-cryptography/workspace/LBlock/export/LBlock/sw/LBlock/standalone_domain/bsplib/lib -o "LBlock_cipher.elf"  ./src/data_operation.o ./src/generation.o ./src/main.o ./src/sdcard_operations.o   -Wl,--start-group,-lxil,-lgcc,-lc,--end-group -Wl,--start-group,-lxilffs,-lxil,-lgcc,-lc,--end-group
'Finished building target: LBlock_cipher.elf'
' '
'Invoking: ARM v7 Print Size'
arm-none-eabi-size LBlock_cipher.elf  |tee "LBlock_cipher.elf.size"
   text	   data	    bss	    dec	    hex	filename
  56388	   1280	  47904	 105572	  19c64	LBlock_cipher.elf
'Finished building: LBlock_cipher.elf.size'
' '
23:16:48 **** Incremental Build of configuration Debug for project LBlock_cipher_system ****
make all 
Generating bif file for the system project
generate_system_bif.bat 61397 C:/Users/Jakub/Desktop/vut_fekt/bajkalarka/zaloha/GitHub/HW-encoder-for-lightweigth-cryptography/workspace/LBlock/export/LBlock/LBlock.xpfm standalone_domain C:/Users/Jakub/Desktop/vut_fekt/bajkalarka/zaloha/GitHub/HW-encoder-for-lightweigth-cryptography/workspace/LBlock_cipher_system/Debug/system.bif
sdcard_gen --xpfm C:/Users/Jakub/Desktop/vut_fekt/bajkalarka/zaloha/GitHub/HW-encoder-for-lightweigth-cryptography/workspace/LBlock/export/LBlock/LBlock.xpfm --sys_config LBlock --bif C:/Users/Jakub/Desktop/vut_fekt/bajkalarka/zaloha/GitHub/HW-encoder-for-lightweigth-cryptography/workspace/LBlock_cipher_system/Debug/system.bif --bitstream C:/Users/Jakub/Desktop/vut_fekt/bajkalarka/zaloha/GitHub/HW-encoder-for-lightweigth-cryptography/workspace/LBlock_cipher/_ide/bitstream/LBlock_design.bit --elf C:/Users/Jakub/Desktop/vut_fekt/bajkalarka/zaloha/GitHub/HW-encoder-for-lightweigth-cryptography/workspace/LBlock_cipher/Debug/LBlock_cipher.elf,ps7_cortexa9_0
creating BOOT.BIN using C:/Users/Jakub/Desktop/vut_fekt/bajkalarka/zaloha/GitHub/HW-encoder-for-lightweigth-cryptography/workspace/LBlock_cipher/_ide/bitstream/LBlock_design.bit
Running C:/Xilinx/Vitis/2020.1/bin/bootgen  -image C:/Users/Jakub/Desktop/vut_fekt/bajkalarka/zaloha/GitHub/HW-encoder-for-lightweigth-cryptography/workspace/LBlock_cipher_system/Debug/sd_card_temp/boot.bif -w -o i BOOT.BIN
