19:24:43 **** Incremental Build of configuration Debug for project LBlock_cipher ****
make all 
make --no-print-directory pre-build
a9-linaro-pre-build-step
' '
make --no-print-directory main-build
'Building file: ../src/main.c'
'Invoking: ARM v7 gcc compiler'
arm-none-eabi-gcc -Wall -O0 -g3 -c -fmessage-length=0 -MT"src/main.o" -mcpu=cortex-a9 -mfpu=vfpv3 -mfloat-abi=hard -IC:/Users/Jakub/Desktop/vut_fekt/bajkalarka/zaloha/GitHub/HW-encoder-for-lightweigth-cryptography/workspace/LBlock/export/LBlock/sw/LBlock/standalone_domain/bspinclude/include -MMD -MP -MF"src/main.d" -MT"src/main.o" -o "src/main.o" "../src/main.c"
../src/main.c: In function 'main':
../src/main.c:22:6: warning: unused variable 'led' [-Wunused-variable]
   22 |  u32 led = 16711680;
      |      ^~~
'Finished building: ../src/main.c'
' '
'Building target: LBlock_cipher.elf'
'Invoking: ARM v7 gcc linker'
arm-none-eabi-gcc -mcpu=cortex-a9 -mfpu=vfpv3 -mfloat-abi=hard -Wl,-build-id=none -specs=Xilinx.spec -Wl,-T -Wl,../src/lscript.ld -LC:/Users/Jakub/Desktop/vut_fekt/bajkalarka/zaloha/GitHub/HW-encoder-for-lightweigth-cryptography/workspace/LBlock/export/LBlock/sw/LBlock/standalone_domain/bsplib/lib -o "LBlock_cipher.elf"  ./src/data_operation.o ./src/generation.o ./src/main.o ./src/sdcard_operations.o   -Wl,--start-group,-lxil,-lgcc,-lc,--end-group -Wl,--start-group,-lxilffs,-lxil,-lgcc,-lc,--end-group
'Finished building target: LBlock_cipher.elf'
' '
'Invoking: ARM v7 Print Size'
arm-none-eabi-size LBlock_cipher.elf  |tee "LBlock_cipher.elf.size"
   text	   data	    bss	    dec	    hex	filename
  57768	   1296	  48512	 107576	  1a438	LBlock_cipher.elf
'Finished building: LBlock_cipher.elf.size'
' '

19:25:00 Build Finished (took 16s.711ms)

